// Jest Snapshot v1, https://goo.gl/fbAQLP

exports[`Component: <SendToDrupal /> Renders a link to authorize a user against Drupal 1`] = `
<a
  class=""
  href="http://api.example.com/oauth/authorize?client_id=CLIENTID&redirect_uri=http%3A%2F%2Fwww.example.com%2F&response_type=code&state=%7B%7D&foo=bar"
>
  Connect to Drupal
</a>
`;

exports[`Component: <SendToDrupal /> Renders a link to register and then authorize a user against Drupal 1`] = `
<a
  class=""
  href="http://api.example.com/user/register?destination=/oauth/authorize%3Fclient_id%3DCLIENTID%26redirect_uri%3Dhttp%253A%252F%252Fwww.example.com%252F%26response_type%3Dcode%26state%3D%257B%257D"
>
  Register with Drupal
</a>
`;
