// Jest Snapshot v1, https://goo.gl/fbAQLP

exports[`LogoutLink renders correctly 1`] = `
<DocumentFragment>
  <a
    href="#"
  >
    I love to logout
  </a>
</DocumentFragment>
`;
